HI-TECH Software XC8 Compiler V1.00 ()

Linker command line:

--edf=C:\Program Files (x86)\Microchip\xc8\v1.00\dat\en_msgs.txt -cs \
  -h+dist/default/production\PR_10A__C.DC.BM__MD10B0_.X.production.sym -z \
  -Q16F876A -ol.obj \
  -Mdist/default/production/PR_10A__C.DC.BM__MD10B0_.X.production.map -E1 \
  -ver=XC8 -ACONST=00h-0FFhx32 -ACODE=00h-07FFhx4 -ASTRCODE=00h-01FFFh \
  -AENTRY=00h-0FFhx32 -ASTRING=00h-0FFhx32 -ACOMMON=070h-07Fh \
  -ABANK0=020h-06Fh -ABANK1=0A0h-0EFh -ABANK2=0110h-016Fh \
  -ABANK3=0190h-01EFh -ARAM=020h-06Fh,0A0h-0EFh,0110h-016Fh,0190h-01EFh \
  -AABS1=020h-07Fh,0A0h-0EFh,0110h-016Fh,0190h-01EFh -ASFR0=00h-01Fh \
  -ASFR1=080h-09Fh -ASFR2=0100h-010Fh -ASFR3=0180h-018Fh \
  -preset_vec=00h,intentry,init,end_init -ppowerup=CODE -pfunctab=CODE \
  -ACONFIG=02007h-02007h -pconfig=CONFIG -DCONFIG=2 -AIDLOC=02000h-02003h \
  -pidloc=IDLOC -DIDLOC=2 -AEEDATA=00h-0FFh/02100h -peeprom_data=EEDATA \
  -DEEDATA=2 -DCODE=2 -DSTRCODE=2 -DSTRING=2 -DCONST=2 -DENTRY=2 -k \
  C:\Users\HATAKE~1\AppData\Local\Temp\s258.obj \
  dist/default/production\PR_10A__C.DC.BM__MD10B0_.X.production.obj 

Object code version is 3.10

Machine type is 16F876A



                Name                               Link     Load   Length Selector   Space Scale
C:\Users\HATAKE~1\AppData\Local\Temp\s258.obj
                end_init                              0        0        3        0       0
dist/default/production\PR_10A__C.DC.BM__MD10B0_.X.production.obj
                config                             2007     2007        1     400E       0
                text19                              75D      75D       30      EBA       0
                maintext                            78D      78D       73      F1A       0
                cstackCOMMON                         70       70        9       70       1
                dataCOMMON                           79       79        1       70       1
                cinit                               753      753        A      EA6       0
                idataCOMMON                         752      752        1      EA4       0

TOTAL           Name                               Link     Load   Length     Space
        CLASS   CONST          

        CLASS   CODE           
                end_init                              0        0        3         0
                text19                              75D      75D       30         0
                maintext                            78D      78D       73         0
                cinit                               753      753        A         0
                idataCOMMON                         752      752        1         0

        CLASS   STRCODE        

        CLASS   ENTRY          

        CLASS   STRING         

        CLASS   COMMON         
                cstackCOMMON                         70       70        9         1
                dataCOMMON                           79       79        1         1

        CLASS   BANK0          

        CLASS   BANK1          

        CLASS   BANK2          

        CLASS   BANK3          

        CLASS   RAM            

        CLASS   ABS1           
                abs_s1                               7E       7E        2         1

        CLASS   SFR0           

        CLASS   SFR1           

        CLASS   SFR2           

        CLASS   SFR3           

        CLASS   CONFIG         
                config                             2007     2007        1         0

        CLASS   IDLOC          

        CLASS   EEDATA         



SEGMENTS        Name                           Load    Length   Top    Selector   Space  Class     Delta

                reset_vec                      000000  000003  000003         0       0  CODE        2
                cstackCOMMON                   000070  00000A  00007A        70       1  COMMON      1
                idataCOMMON                    000752  000001  000753       EA4       0  CODE        2
                cinit                          000753  00000A  00075D       EA6       0  CODE        2
                text19                         00075D  000030  00078D       EBA       0  CODE        2
                maintext                       00078D  000073  000800       F1A       0  CODE        2
                config                         002007  000001  002008      400E       0  CONFIG      2


UNUSED ADDRESS RANGES

        Name                Unused          Largest block    Delta
        BANK0            0020-006F             50           1
        BANK1            00A0-00EF             50           1
        BANK2            0110-016F             60           1
        BANK3            0190-01EF             60           1
        CODE             0003-0751            74F           2
                         0800-1FFF            800
        COMMON           007A-007D              4           1
        CONST            0003-0751            100           2
                         0800-1FFF            100
        EEDATA           2100-21FF            100           2
        ENTRY            0003-0751            100           2
                         0800-1FFF            100
        IDLOC            2000-2003              4           2
        RAM              0020-006F             50           1
                         00A0-00EF             50
                         0110-016F             60
                         0190-01EF             60
        SFR0             0000-001F             20           1
        SFR1             0080-009F             20           1
        SFR2             0100-010F             10           1
        SFR3             0180-018F             10           1
        STRCODE          0003-0751            74F           2
                         0800-1FFF           1800
        STRING           0003-0751            100           2
                         0800-1FFF            100

                                  Symbol Table

??_delay              cstackCOMMON 0074
??_main               cstackCOMMON 0078
?_delay               cstackCOMMON 0070
?_main                cstackCOMMON 0070
_ADCON1               (abs)        009F
_CCP1CON              (abs)        0017
_CCPR1L               (abs)        0015
_PR2                  (abs)        0092
_RA1                  (abs)        0029
_RA2                  (abs)        002A
_RA3                  (abs)        002B
_RA4                  (abs)        002C
_RB2                  (abs)        0032
_T2CON                (abs)        0012
_TRISA                (abs)        0085
_TRISB                (abs)        0086
_TRISC                (abs)        0087
__Habs1               abs1         0000
__Hbank0              bank0        0000
__Hbank1              bank1        0000
__Hbank2              bank2        0000
__Hbank3              bank3        0000
__Hcinit              cinit        0000
__Hclrtext            clrtext      0000
__Hcode               code         0000
__Hcommon             common       0000
__Hconfig             config       2008
__HcstackCOMMON       cstackCOMMON 0000
__HdataCOMMON         dataCOMMON   0000
__Heeprom_data        eeprom_data  0000
__Hend_init           end_init     0003
__Hfunctab            functab      0000
__HidataCOMMON        idataCOMMON  0000
__Hidloc              idloc        0000
__Hinit               init         0000
__Hintentry           intentry     0000
__Hmaintext           maintext     0000
__Hpowerup            powerup      0000
__Hram                ram          0000
__Hreset_vec          reset_vec    0000
__Hsfr0               sfr0         0000
__Hsfr1               sfr1         0000
__Hsfr2               sfr2         0000
__Hsfr3               sfr3         0000
__Hstrings            strings      0000
__Htext               text         0000
__Labs1               abs1         0000
__Lbank0              bank0        0000
__Lbank1              bank1        0000
__Lbank2              bank2        0000
__Lbank3              bank3        0000
__Lcinit              cinit        0000
__Lclrtext            clrtext      0000
__Lcode               code         0000
__Lcommon             common       0000
__Lconfig             config       2007
__LcstackCOMMON       cstackCOMMON 0000
__LdataCOMMON         dataCOMMON   0000
__Leeprom_data        eeprom_data  0000
__Lend_init           end_init     0000
__Lfunctab            functab      0000
__LidataCOMMON        idataCOMMON  0000
__Lidloc              idloc        0000
__Linit               init         0000
__Lintentry           intentry     0000
__Lmaintext           maintext     0000
__Lpowerup            powerup      0000
__Lram                ram          0000
__Lreset_vec          reset_vec    0000
__Lsfr0               sfr0         0000
__Lsfr1               sfr1         0000
__Lsfr2               sfr2         0000
__Lsfr3               sfr3         0000
__Lstrings            strings      0000
__Ltext               text         0000
__S0                  (abs)        2008
__S1                  (abs)        007A
__S2                  (abs)        0000
__end_of_delay        text19       078D
__end_of_main         maintext     0800
__pcstackCOMMON       cstackCOMMON 0070
__pdataCOMMON         dataCOMMON   0079
__pidataCOMMON        idataCOMMON  0752
__pmaintext           maintext     078D
__ptext19             text19       075D
__ptext20             text20       0000
__size_of_delay       (abs)        0000
__size_of_main        (abs)        0000
_delay                text19       075D
_main                 maintext     078D
_temp                 dataCOMMON   0079
btemp                 (abs)        007E
delay@data            cstackCOMMON 0070
end_of_initialization cinit        0759
intlevel0             functab      0000
intlevel1             functab      0000
intlevel2             functab      0000
intlevel3             functab      0000
intlevel4             functab      0000
intlevel5             functab      0000
reset_vec             reset_vec    0000
start                 init         0000
start_initialization  cinit        0753
wtemp0                (abs)        007E
